<html>
<body>
<pre>
<h1>µVision Build Log</h1>
<h2>Tool Versions:</h2>
IDE-Version: µVision V5.24.2.0
Copyright (C) 2017 ARM Ltd and ARM Germany GmbH. All rights reserved.
License Information: thong nguyen, Ho Chi Minh University Of Technology, LIC=LSNVE-5NMZB-KN1AC-7X83U-Z7PGA-VMRDZ
 
Tool Versions:
Toolchain:       MDK-ARM Plus  Version: 5.24.1
Toolchain Path:  C:\Keil_v5\ARM\ARMCC\Bin
C Compiler:      Armcc.exe V5.06 update 5 (build 528)
Assembler:       Armasm.exe V5.06 update 5 (build 528)
Linker/Locator:  ArmLink.exe V5.06 update 5 (build 528)
Library Manager: ArmAr.exe V5.06 update 5 (build 528)
Hex Converter:   FromElf.exe V5.06 update 5 (build 528)
CPU DLL:         SARMCM3.DLL V5.24.1
Dialog DLL:      DARMSTM.DLL V1.68.0.0
Target DLL:      STLink\ST-LINKIII-KEIL_SWO.dll V3.0.1.0
Dialog DLL:      TARMSTM.DLL V1.66.0.0
 
<h2>Project:</h2>
G:\myDesktop\stm32f103\DT_stm32f103\Nhu Toan code\Project\Nhu Toan\MDK-ARM\Project.uvproj
Project File Date:  04/11/2018

<h2>Output:</h2>
*** Using Compiler 'V5.06 update 5 (build 528)', folder: 'C:\Keil_v5\ARM\ARMCC\Bin'
Build target 'STM32100E-EVAL'
compiling main.c...
..\main.c(8): warning:  #1295-D: Deprecated declaration ADC_DMA1_Configuration - give arg types
  void ADC_DMA1_Configuration();
..\main.c: 1 warning, 0 errors
linking...
Program Size: Code=6252 RO-data=340 RW-data=56 ZI-data=1120  
FromELF: creating hex file...
".\STM32100E-EVAL\STM32100E-EVAL.axf" - 0 Error(s), 1 Warning(s).
Build Time Elapsed:  00:00:10
</pre>
</body>
</html>
